// Jest Snapshot v1, https://goo.gl/fbAQLP

exports[`ContractOverviewComponent should show correct initial headline and table 1`] = `
<contract-demo-contract-overview
  contractsFacade={[Function Object]}
  dataSource={[Function MatTableDataSource]}
  destroy$={[Function Subject]}
  displayedColumns={[Function Array]}
  filterResult$={[Function Subject]}
  isError$={[Function Subject]}
  loading$="undefined"
  paginator={[Function _MatPaginator]}
  searchTermControl={[Function FormControl2]}
>
  <h1>
    Contracts overview
  </h1><form
    novalidate=""
  >
    <mat-form-field
      appearance="outline"
      class="mat-mdc-form-field mat-mdc-form-field-type-mat-input mat-form-field-no-animations mat-form-field-appearance-outline mat-form-field-hide-placeholder mat-primary ng-untouched ng-pristine ng-valid"
    >
      <div
        class="mat-mdc-text-field-wrapper mdc-text-field mdc-text-field--outlined"
      >
        <div
          class="mat-mdc-form-field-flex"
        >
          <div
            class="mdc-notched-outline mdc-notched-outline--upgraded"
            matformfieldnotchedoutline=""
          >
            <div
              class="mat-mdc-notch-piece mdc-notched-outline__leading"
            />
            <div
              class="mat-mdc-notch-piece mdc-notched-outline__notch"
            >
              <label
                class="mdc-floating-label mat-mdc-floating-label"
                for="mat-input-a0"
                id="mat-mdc-form-field-label-a0"
                matformfieldfloatinglabel=""
                style="transition-duration: 0s;"
              >
                <mat-label>
                  Filter
                </mat-label>
              </label>
            </div>
            <div
              class="mat-mdc-notch-piece mdc-notched-outline__trailing"
            />
          </div>
          <div
            class="mat-mdc-form-field-infix"
          >
            <input
              aria-invalid="false"
              aria-required="false"
              class="mat-mdc-input-element ng-untouched ng-pristine ng-valid mat-mdc-form-field-input-control mdc-text-field__input cdk-text-field-autofill-monitored"
              id="mat-input-a0"
              matinput=""
              placeholder="Search for name"
            />
          </div>
        </div>
      </div>
      <div
        class="mat-mdc-form-field-subscript-wrapper mat-mdc-form-field-bottom-align"
      >
        <div
          class="mat-mdc-form-field-hint-wrapper ng-trigger ng-trigger-transitionMessages"
          style="opacity: 1; transform: translateY(0%);"
        >
          <div
            class="mat-mdc-form-field-hint-spacer"
          />
        </div>
      </div>
    </mat-form-field>
  </form><div
    class="mat-elevation-z8"
  >
    <table
      class="mat-mdc-table mdc-data-table__table cdk-table"
      mat-table=""
      role="table"
    >
      <thead
        role="rowgroup"
      >
        <tr
          class="mat-mdc-header-row mdc-data-table__header-row cdk-header-row"
          mat-header-row=""
          role="row"
        >
          <th
            class="mat-mdc-header-cell mdc-data-table__header-cell cdk-header-cell cdk-column-id mat-column-id"
            mat-header-cell=""
            role="columnheader"
          >
            ID
          </th>
          <th
            class="mat-mdc-header-cell mdc-data-table__header-cell cdk-header-cell cdk-column-firstname mat-column-firstname"
            mat-header-cell=""
            role="columnheader"
          >
            Firstname
          </th>
          <th
            class="mat-mdc-header-cell mdc-data-table__header-cell cdk-header-cell cdk-column-lastname mat-column-lastname"
            mat-header-cell=""
            role="columnheader"
          >
            Lastname
          </th>
          <th
            class="mat-mdc-header-cell mdc-data-table__header-cell cdk-header-cell cdk-column-contractType mat-column-contractType"
            mat-header-cell=""
            role="columnheader"
          >
            Contract Type
          </th>
        </tr>
      </thead>
      <tbody
        class="mdc-data-table__content"
        role="rowgroup"
      >
        <tr
          class="mat-row mat-mdc-no-data-row"
          role="row"
        >
          <td
            class="mat-cell"
            colspan="4"
          >
            No contracts found.
          </td>
        </tr>
      </tbody>
      <tfoot
        role="rowgroup"
        style="display: none;"
      >
      </tfoot>
    </table>
    <mat-paginator
      aria-label="Select page of contracts"
      class="mat-mdc-paginator"
      role="group"
    >
      <div
        class="mat-mdc-paginator-outer-container"
      >
        <div
          class="mat-mdc-paginator-container"
        >
          <div
            class="mat-mdc-paginator-page-size"
          >
            <div
              class="mat-mdc-paginator-page-size-label"
              id="mat-paginator-page-size-label-a0"
            >
               Items per page: 
            </div>
            <mat-form-field
              class="mat-mdc-form-field mat-mdc-paginator-page-size-select mat-mdc-form-field-type-mat-select mat-form-field-no-animations mat-form-field-appearance-outline mat-primary"
            >
              <div
                class="mat-mdc-text-field-wrapper mdc-text-field mdc-text-field--outlined mdc-text-field--no-label"
              >
                <div
                  class="mat-mdc-form-field-flex"
                >
                  <div
                    class="mdc-notched-outline mdc-notched-outline--no-label"
                    matformfieldnotchedoutline=""
                  >
                    <div
                      class="mat-mdc-notch-piece mdc-notched-outline__leading"
                    />
                    <div
                      class="mat-mdc-notch-piece mdc-notched-outline__notch"
                    >
                    </div>
                    <div
                      class="mat-mdc-notch-piece mdc-notched-outline__trailing"
                    />
                  </div>
                  <div
                    class="mat-mdc-form-field-infix"
                  >
                    <mat-select
                      aria-disabled="false"
                      aria-expanded="false"
                      aria-haspopup="listbox"
                      aria-invalid="false"
                      aria-labelledby="mat-select-value-a0 mat-paginator-page-size-label-a0"
                      aria-required="false"
                      class="mat-mdc-select mat-mdc-select-empty"
                      hidesingleselectionindicator=""
                      id="mat-select-a0"
                      role="combobox"
                      tabindex="0"
                    >
                      <div
                        cdk-overlay-origin=""
                        class="mat-mdc-select-trigger"
                      >
                        <div
                          class="mat-mdc-select-value"
                          id="mat-select-value-a0"
                        >
                          <span
                            class="mat-mdc-select-placeholder mat-mdc-select-min-line"
                          >
                          </span>
                        </div>
                        <div
                          class="mat-mdc-select-arrow-wrapper"
                        >
                          <div
                            class="mat-mdc-select-arrow"
                          >
                            <svg
                              aria-hidden="true"
                              focusable="false"
                              height="24px"
                              viewBox="0 0 24 24"
                              width="24px"
                            >
                              <path
                                d="M7 10l5 5 5-5z"
                              />
                            </svg>
                          </div>
                        </div>
                      </div>
                    </mat-select>
                    <div
                      class="mat-mdc-paginator-touch-target"
                    />
                  </div>
                </div>
              </div>
              <div
                class="mat-mdc-form-field-subscript-wrapper mat-mdc-form-field-bottom-align"
              >
                <div
                  class="mat-mdc-form-field-hint-wrapper ng-trigger ng-trigger-transitionMessages"
                  style="opacity: 1; transform: translateY(0%);"
                >
                  <div
                    class="mat-mdc-form-field-hint-spacer"
                  />
                </div>
              </div>
            </mat-form-field>
          </div>
          <div
            class="mat-mdc-paginator-range-actions"
          >
            <div
              aria-live="polite"
              class="mat-mdc-paginator-range-label"
            >
               0 of 0 
            </div>
            <button
              aria-disabled="true"
              aria-label="Previous page"
              class="mat-mdc-tooltip-trigger mat-mdc-paginator-navigation-previous mdc-icon-button mat-mdc-icon-button mat-mdc-button-disabled mat-mdc-button-disabled-interactive _mat-animation-noopable mat-unthemed mat-mdc-button-base mat-mdc-tooltip-disabled"
              disabledinteractive=""
              mat-icon-button=""
              mat-ripple-loader-centered=""
              mat-ripple-loader-class-name="mat-mdc-button-ripple"
              mat-ripple-loader-disabled=""
              mat-ripple-loader-uninitialized=""
              mattooltipposition="above"
              type="button"
            >
              <span
                class="mat-mdc-button-persistent-ripple mdc-icon-button__ripple"
              />
              <svg
                aria-hidden="true"
                class="mat-mdc-paginator-icon"
                focusable="false"
                viewBox="0 0 24 24"
              >
                <path
                  d="M15.41 7.41L14 6l-6 6 6 6 1.41-1.41L10.83 12z"
                />
              </svg>
              <span
                class="mat-focus-indicator"
              />
              <span
                class="mat-mdc-button-touch-target"
              />
            </button>
            <button
              aria-disabled="true"
              aria-label="Next page"
              class="mat-mdc-tooltip-trigger mat-mdc-paginator-navigation-next mdc-icon-button mat-mdc-icon-button mat-mdc-button-disabled mat-mdc-button-disabled-interactive _mat-animation-noopable mat-unthemed mat-mdc-button-base mat-mdc-tooltip-disabled"
              disabledinteractive=""
              mat-icon-button=""
              mat-ripple-loader-centered=""
              mat-ripple-loader-class-name="mat-mdc-button-ripple"
              mat-ripple-loader-disabled=""
              mat-ripple-loader-uninitialized=""
              mattooltipposition="above"
              type="button"
            >
              <span
                class="mat-mdc-button-persistent-ripple mdc-icon-button__ripple"
              />
              <svg
                aria-hidden="true"
                class="mat-mdc-paginator-icon"
                focusable="false"
                viewBox="0 0 24 24"
              >
                <path
                  d="M10 6L8.59 7.41 13.17 12l-4.58 4.59L10 18l6-6z"
                />
              </svg>
              <span
                class="mat-focus-indicator"
              />
              <span
                class="mat-mdc-button-touch-target"
              />
            </button>
          </div>
        </div>
      </div>
    </mat-paginator>
  </div>
</contract-demo-contract-overview>
`;
